// Jest Snapshot v1, https://goo.gl/fbAQLP

exports[`<Image /> snapshot; renders with attributes provided 1`] = `
<img
  alt="alt"
  src="url"
/>
`;
